// Jest Snapshot v1, https://goo.gl/fbAQLP

exports[`Tests for the game details page Should render the detail page properly 1`] = `
Object {
  "asFragment": [Function],
  "baseElement": <body>
    <div>
      <div
        class="details-container limit"
      >
        <div
          class="loader flex"
        >
          <div
            aria-busy="true"
            aria-label="three-circles-rotating"
            class=""
            data-testid="three-circles-wrapper"
            role="status"
            style="display: flex;"
          >
            <svg
              data-testid="three-circles-svg"
              enable-background="new 0 0 100 100"
              height="100"
              version="1.1"
              viewBox="0 0 100 100"
              width="100"
              xml:space="preserve"
              xmlns="http://www.w3.org/2000/svg"
            >
              <path
                d="M31.6,3.5C5.9,13.6-6.6,42.7,3.5,68.4c10.1,25.7,39.2,38.3,64.9,28.1l-3.1-7.9c-21.3,8.4-45.4-2-53.8-23.3
  c-8.4-21.3,2-45.4,23.3-53.8L31.6,3.5z"
                fill="white"
              >
                <animatetransform
                  attributeName="transform"
                  attributeType="XML"
                  dur="2s"
                  from="0 50 50"
                  repeatCount="indefinite"
                  to="360 50 50"
                  type="rotate"
                />
              </path>
              <path
                d="M42.3,39.6c5.7-4.3,13.9-3.1,18.1,2.7c4.3,5.7,3.1,13.9-2.7,18.1l4.1,5.5c8.8-6.5,10.6-19,4.1-27.7
  c-6.5-8.8-19-10.6-27.7-4.1L42.3,39.6z"
                fill="white"
              >
                <animatetransform
                  attributeName="transform"
                  attributeType="XML"
                  dur="1s"
                  from="0 50 50"
                  repeatCount="indefinite"
                  to="-360 50 50"
                  type="rotate"
                />
              </path>
              <path
                d="M82,35.7C74.1,18,53.4,10.1,35.7,18S10.1,46.6,18,64.3l7.6-3.4c-6-13.5,0-29.3,13.5-35.3s29.3,0,35.3,13.5
  L82,35.7z"
                fill="white"
              >
                <animatetransform
                  attributeName="transform"
                  attributeType="XML"
                  dur="2s"
                  from="0 50 50"
                  repeatCount="indefinite"
                  to="360 50 50"
                  type="rotate"
                />
              </path>
            </svg>
          </div>
        </div>
      </div>
    </div>
  </body>,
  "container": <div>
    <div
      class="details-container limit"
    >
      <div
        class="loader flex"
      >
        <div
          aria-busy="true"
          aria-label="three-circles-rotating"
          class=""
          data-testid="three-circles-wrapper"
          role="status"
          style="display: flex;"
        >
          <svg
            data-testid="three-circles-svg"
            enable-background="new 0 0 100 100"
            height="100"
            version="1.1"
            viewBox="0 0 100 100"
            width="100"
            xml:space="preserve"
            xmlns="http://www.w3.org/2000/svg"
          >
            <path
              d="M31.6,3.5C5.9,13.6-6.6,42.7,3.5,68.4c10.1,25.7,39.2,38.3,64.9,28.1l-3.1-7.9c-21.3,8.4-45.4-2-53.8-23.3
  c-8.4-21.3,2-45.4,23.3-53.8L31.6,3.5z"
              fill="white"
            >
              <animatetransform
                attributeName="transform"
                attributeType="XML"
                dur="2s"
                from="0 50 50"
                repeatCount="indefinite"
                to="360 50 50"
                type="rotate"
              />
            </path>
            <path
              d="M42.3,39.6c5.7-4.3,13.9-3.1,18.1,2.7c4.3,5.7,3.1,13.9-2.7,18.1l4.1,5.5c8.8-6.5,10.6-19,4.1-27.7
  c-6.5-8.8-19-10.6-27.7-4.1L42.3,39.6z"
              fill="white"
            >
              <animatetransform
                attributeName="transform"
                attributeType="XML"
                dur="1s"
                from="0 50 50"
                repeatCount="indefinite"
                to="-360 50 50"
                type="rotate"
              />
            </path>
            <path
              d="M82,35.7C74.1,18,53.4,10.1,35.7,18S10.1,46.6,18,64.3l7.6-3.4c-6-13.5,0-29.3,13.5-35.3s29.3,0,35.3,13.5
  L82,35.7z"
              fill="white"
            >
              <animatetransform
                attributeName="transform"
                attributeType="XML"
                dur="2s"
                from="0 50 50"
                repeatCount="indefinite"
                to="360 50 50"
                type="rotate"
              />
            </path>
          </svg>
        </div>
      </div>
    </div>
  </div>,
  "debug": [Function],
  "findAllByAltText": [Function],
  "findAllByDisplayValue": [Function],
  "findAllByLabelText": [Function],
  "findAllByPlaceholderText": [Function],
  "findAllByRole": [Function],
  "findAllByTestId": [Function],
  "findAllByText": [Function],
  "findAllByTitle": [Function],
  "findByAltText": [Function],
  "findByDisplayValue": [Function],
  "findByLabelText": [Function],
  "findByPlaceholderText": [Function],
  "findByRole": [Function],
  "findByTestId": [Function],
  "findByText": [Function],
  "findByTitle": [Function],
  "getAllByAltText": [Function],
  "getAllByDisplayValue": [Function],
  "getAllByLabelText": [Function],
  "getAllByPlaceholderText": [Function],
  "getAllByRole": [Function],
  "getAllByTestId": [Function],
  "getAllByText": [Function],
  "getAllByTitle": [Function],
  "getByAltText": [Function],
  "getByDisplayValue": [Function],
  "getByLabelText": [Function],
  "getByPlaceholderText": [Function],
  "getByRole": [Function],
  "getByTestId": [Function],
  "getByText": [Function],
  "getByTitle": [Function],
  "queryAllByAltText": [Function],
  "queryAllByDisplayValue": [Function],
  "queryAllByLabelText": [Function],
  "queryAllByPlaceholderText": [Function],
  "queryAllByRole": [Function],
  "queryAllByTestId": [Function],
  "queryAllByText": [Function],
  "queryAllByTitle": [Function],
  "queryByAltText": [Function],
  "queryByDisplayValue": [Function],
  "queryByLabelText": [Function],
  "queryByPlaceholderText": [Function],
  "queryByRole": [Function],
  "queryByTestId": [Function],
  "queryByText": [Function],
  "queryByTitle": [Function],
  "rerender": [Function],
  "unmount": [Function],
}
`;
